// Jest Snapshot v1, https://goo.gl/fbAQLP

exports[`pre-commit calls lint-staged CLI with default args: first script 1`] = `lint-staged --config ./src/config/lintstagedrc.js`;

exports[`pre-commit calls lint-staged CLI with default args: second script 1`] = `npm run validate`;

exports[`pre-commit does not use built-in config with .lintstagedrc file: first script 1`] = `lint-staged`;

exports[`pre-commit does not use built-in config with .lintstagedrc file: second script 1`] = `npm run validate`;

exports[`pre-commit does not use built-in config with --config: first script 1`] = `lint-staged --config ./custom-config.js`;

exports[`pre-commit does not use built-in config with --config: second script 1`] = `npm run validate`;

exports[`pre-commit does not use built-in config with lint-staged pkg prop: first script 1`] = `lint-staged`;

exports[`pre-commit does not use built-in config with lint-staged pkg prop: second script 1`] = `npm run validate`;

exports[`pre-commit does not use built-in config with lint-staged.config.js file: first script 1`] = `lint-staged`;

exports[`pre-commit does not use built-in config with lint-staged.config.js file: second script 1`] = `npm run validate`;

exports[`pre-commit forwards args: first script 1`] = `lint-staged --config ./src/config/lintstagedrc.js --verbose`;

exports[`pre-commit forwards args: second script 1`] = `npm run validate`;
